PS C:\Users\n-fukuju\Desktop> mkdir git_challenge


    ディレクトリ: C:\Users\n-fukuju\Desktop


Mode                 LastWriteTime         Length Name
----                 -------------         ------ ----
d-----        2024/07/10      2:09                git_challenge


PS C:\Users\n-fukuju\Desktop> cd C:\Users\n-fukuju\Desktop\git_challenge
PS C:\Users\n-fukuju\Desktop\git_challenge> git init
Initialized empty Git repository in C:/Users/n-fukuju/Desktop/git_challenge/.git/
PS C:\Users\n-fukuju\Desktop\git_challenge> echo "Hello world !" >> hello_world.txt
PS C:\Users\n-fukuju\Desktop\git_challenge> git add hello_world.txt
PS C:\Users\n-fukuju\Desktop\git_challenge> git commit -m "hello_world.txtを追加"
[main (root-commit) 1af0ac6] hello_world.txtを追加
 1 file changed, 0 insertions(+), 0 deletions(-)
 create mode 100644 hello_world.txt
PS C:\Users\n-fukuju\Desktop\git_challenge> echo "こんにちは、世界！" >> hello_world.txt
PS C:\Users\n-fukuju\Desktop\git_challenge> git add hello_world.txt
PS C:\Users\n-fukuju\Desktop\git_challenge> git commit -m "日本語訳を追記"
[main 1dc54e5] 日本語訳を追記
 1 file changed, 0 insertions(+), 0 deletions(-)
PS C:\Users\n-fukuju\Desktop\git_challenge> git log --oneline
1dc54e5 (HEAD -> main) 日本語訳を追記
1af0ac6 hello_world.txtを追加
PS C:\Users\n-fukuju\Desktop\git_challenge> 